
> repo@0.1.0 build
> next build

Γû▓ Next.js 16.1.6 (Turbopack)

  Creating an optimized production build ...
Γ£ô Compiled successfully in 8.8s
  Running TypeScript ...
  Collecting page data using 15 workers ...
  Generating static pages using 15 workers (0/6) ...
  Generating static pages using 15 workers (1/6) 
  Generating static pages using 15 workers (2/6) 
  Generating static pages using 15 workers (4/6) 
Γ£ô Generating static pages using 15 workers (6/6) in 531.1ms
  Finalizing page optimization ...

Route (app)
Γöî Γùï /
Γö£ Γùï /_not-found
Γö£ ╞Æ /api/github
Γöö ╞Æ /api/summarize


Γùï  (Static)   prerendered as static content
╞Æ  (Dynamic)  server-rendered on demand

